------------------------------------------------------------
TimeQuest Timing Analyzer Summary
------------------------------------------------------------

Type  : Slow 1100mV 85C Model Setup 'KEY[0]'
Slack : -3.652
TNS   : -40.327

Type  : Slow 1100mV 85C Model Hold 'KEY[0]'
Slack : 0.699
TNS   : 0.000

Type  : Slow 1100mV 85C Model Minimum Pulse Width 'KEY[0]'
Slack : -2.225
TNS   : -14.531

Type  : Slow 1100mV 0C Model Setup 'KEY[0]'
Slack : -3.800
TNS   : -41.626

Type  : Slow 1100mV 0C Model Hold 'KEY[0]'
Slack : 0.664
TNS   : 0.000

Type  : Slow 1100mV 0C Model Minimum Pulse Width 'KEY[0]'
Slack : -2.225
TNS   : -14.062

Type  : Fast 1100mV 85C Model Setup 'KEY[0]'
Slack : -1.588
TNS   : -17.433

Type  : Fast 1100mV 85C Model Hold 'KEY[0]'
Slack : 0.381
TNS   : 0.000

Type  : Fast 1100mV 85C Model Minimum Pulse Width 'KEY[0]'
Slack : -1.702
TNS   : -9.785

Type  : Fast 1100mV 0C Model Setup 'KEY[0]'
Slack : -1.512
TNS   : -16.289

Type  : Fast 1100mV 0C Model Hold 'KEY[0]'
Slack : 0.356
TNS   : 0.000

Type  : Fast 1100mV 0C Model Minimum Pulse Width 'KEY[0]'
Slack : -1.702
TNS   : -9.551

------------------------------------------------------------
