Info: Starting: Create simulation model
Info: qsys-generate /h/u11/c6/01/gillyuv2/CSC258/BackgroundImages/character.qsys --simulation=VERILOG --allow-mixed-language-simulation --output-directory=/h/u11/c6/01/gillyuv2/CSC258/BackgroundImages/character/simulation --family="Cyclone V" --part=5CSEMA5F31C6
Progress: Loading BackgroundImages/character.qsys
Progress: Reading input file
Progress: Adding character_lcd_0 [altera_up_avalon_character_lcd 17.0]
Progress: Parameterizing module character_lcd_0
Progress: Building connections
Progress: Parameterizing connections
Progress: Validating
Progress: Done reading input file
Info: character: Generating character "character" for SIM_VERILOG
Info: character_lcd_0: Starting Generation of Character LCD
Info: character_lcd_0: "character" instantiated altera_up_avalon_character_lcd "character_lcd_0"
Info: character: Done "character" with 2 modules, 4 files
Info: qsys-generate succeeded.
Info: Finished: Create simulation model
Info: Starting: Create Modelsim Project.
Info: sim-script-gen --spd=/h/u11/c6/01/gillyuv2/CSC258/BackgroundImages/character/character.spd --output-directory=/h/u11/c6/01/gillyuv2/CSC258/BackgroundImages/character/simulation/ --use-relative-paths=true
Info: Doing: ip-make-simscript --spd=/h/u11/c6/01/gillyuv2/CSC258/BackgroundImages/character/character.spd --output-directory=/h/u11/c6/01/gillyuv2/CSC258/BackgroundImages/character/simulation/ --use-relative-paths=true
Info: Generating the following file(s) for MODELSIM simulator in /h/u11/c6/01/gillyuv2/CSC258/BackgroundImages/character/simulation/ directory:
Info: 	mentor/msim_setup.tcl
Info: Generating the following file(s) for VCS simulator in /h/u11/c6/01/gillyuv2/CSC258/BackgroundImages/character/simulation/ directory:
Info: 	synopsys/vcs/vcs_setup.sh
Info: Generating the following file(s) for VCSMX simulator in /h/u11/c6/01/gillyuv2/CSC258/BackgroundImages/character/simulation/ directory:
Info: 	synopsys/vcsmx/synopsys_sim.setup
Info: 	synopsys/vcsmx/vcsmx_setup.sh
Info: Generating the following file(s) for NCSIM simulator in /h/u11/c6/01/gillyuv2/CSC258/BackgroundImages/character/simulation/ directory:
Info: 	cadence/cds.lib
Info: 	cadence/hdl.var
Info: 	cadence/ncsim_setup.sh
Info: 	1 .cds.lib files in cadence/cds_libs/ directory
Info: Generating the following file(s) for RIVIERA simulator in /h/u11/c6/01/gillyuv2/CSC258/BackgroundImages/character/simulation/ directory:
Info: 	aldec/rivierapro_setup.tcl
Info: For information on how to simulate your IP, see the explanatory comments in the simulator-specific subdirectories under /h/u11/c6/01/gillyuv2/CSC258/BackgroundImages/character/simulation/.
Info: Regenerate these scripts whenever you make any change to any Quartus-generated IP in your project.
Info: Finished: Create Modelsim Project.
Info: Starting: Create block symbol file (.bsf)
Info: qsys-generate /h/u11/c6/01/gillyuv2/CSC258/BackgroundImages/character.qsys --block-symbol-file --output-directory=/h/u11/c6/01/gillyuv2/CSC258/BackgroundImages/character --family="Cyclone V" --part=5CSEMA5F31C6
Progress: Loading BackgroundImages/character.qsys
Progress: Reading input file
Progress: Adding character_lcd_0 [altera_up_avalon_character_lcd 17.0]
Progress: Parameterizing module character_lcd_0
Progress: Building connections
Progress: Parameterizing connections
Progress: Validating
Progress: Done reading input file
Info: qsys-generate succeeded.
Info: Finished: Create block symbol file (.bsf)
Info: 
Info: Starting: Create HDL design files for synthesis
Info: qsys-generate /h/u11/c6/01/gillyuv2/CSC258/BackgroundImages/character.qsys --synthesis=VERILOG --output-directory=/h/u11/c6/01/gillyuv2/CSC258/BackgroundImages/character/synthesis --family="Cyclone V" --part=5CSEMA5F31C6
Progress: Loading BackgroundImages/character.qsys
Progress: Reading input file
Progress: Adding character_lcd_0 [altera_up_avalon_character_lcd 17.0]
Progress: Parameterizing module character_lcd_0
Progress: Building connections
Progress: Parameterizing connections
Progress: Validating
Progress: Done reading input file
Info: character: Generating character "character" for QUARTUS_SYNTH
Info: character_lcd_0: Starting Generation of Character LCD
Info: character_lcd_0: "character" instantiated altera_up_avalon_character_lcd "character_lcd_0"
Info: character: Done "character" with 2 modules, 4 files
Info: qsys-generate succeeded.
Info: Finished: Create HDL design files for synthesis
