------------------------------------------------------------
TimeQuest Timing Analyzer Summary
------------------------------------------------------------

Type  : Slow 1100mV 85C Model Setup 'KEY[0]'
Slack : -0.451
TNS   : -2.198

Type  : Slow 1100mV 85C Model Hold 'KEY[0]'
Slack : 0.377
TNS   : 0.000

Type  : Slow 1100mV 85C Model Minimum Pulse Width 'KEY[0]'
Slack : -0.394
TNS   : -5.500

Type  : Slow 1100mV 0C Model Setup 'KEY[0]'
Slack : -0.453
TNS   : -2.387

Type  : Slow 1100mV 0C Model Hold 'KEY[0]'
Slack : 0.390
TNS   : 0.000

Type  : Slow 1100mV 0C Model Minimum Pulse Width 'KEY[0]'
Slack : -0.394
TNS   : -5.128

Type  : Fast 1100mV 85C Model Setup 'KEY[0]'
Slack : 0.142
TNS   : 0.000

Type  : Fast 1100mV 85C Model Hold 'KEY[0]'
Slack : 0.182
TNS   : 0.000

Type  : Fast 1100mV 85C Model Minimum Pulse Width 'KEY[0]'
Slack : -0.338
TNS   : -2.897

Type  : Fast 1100mV 0C Model Setup 'KEY[0]'
Slack : 0.188
TNS   : 0.000

Type  : Fast 1100mV 0C Model Hold 'KEY[0]'
Slack : 0.173
TNS   : 0.000

Type  : Fast 1100mV 0C Model Minimum Pulse Width 'KEY[0]'
Slack : -0.317
TNS   : -2.706

------------------------------------------------------------
