------------------------------------------------------------
TimeQuest Timing Analyzer Summary
------------------------------------------------------------

Type  : Slow 1100mV 85C Model Setup 'bcounter_x[5]'
Slack : -16.440
TNS   : -413.980

Type  : Slow 1100mV 85C Model Setup 'KEY[0]'
Slack : -13.127
TNS   : -309.954

Type  : Slow 1100mV 85C Model Setup 'CLOCK_50'
Slack : -7.995
TNS   : -492.274

Type  : Slow 1100mV 85C Model Setup 'comb_224|VGA|mypll|altpll_component|auto_generated|generic_pll1~PLL_OUTPUT_COUNTER|divclk'
Slack : 34.093
TNS   : 0.000

Type  : Slow 1100mV 85C Model Hold 'KEY[0]'
Slack : -5.050
TNS   : -60.320

Type  : Slow 1100mV 85C Model Hold 'bcounter_x[5]'
Slack : -2.195
TNS   : -12.962

Type  : Slow 1100mV 85C Model Hold 'CLOCK_50'
Slack : -1.847
TNS   : -14.045

Type  : Slow 1100mV 85C Model Hold 'comb_224|VGA|mypll|altpll_component|auto_generated|generic_pll1~PLL_OUTPUT_COUNTER|divclk'
Slack : 0.359
TNS   : 0.000

Type  : Slow 1100mV 85C Model Recovery 'bcounter_x[5]'
Slack : -15.766
TNS   : -151.603

Type  : Slow 1100mV 85C Model Recovery 'KEY[0]'
Slack : -12.984
TNS   : -124.179

Type  : Slow 1100mV 85C Model Removal 'KEY[0]'
Slack : -0.888
TNS   : -7.015

Type  : Slow 1100mV 85C Model Removal 'bcounter_x[5]'
Slack : 1.631
TNS   : 0.000

Type  : Slow 1100mV 85C Model Minimum Pulse Width 'KEY[0]'
Slack : -1.068
TNS   : -33.502

Type  : Slow 1100mV 85C Model Minimum Pulse Width 'bcounter_x[5]'
Slack : -0.873
TNS   : -56.064

Type  : Slow 1100mV 85C Model Minimum Pulse Width 'comb_224|VGA|mypll|altpll_component|auto_generated|generic_pll1~FRACTIONAL_PLL|vcoph[0]'
Slack : 1.666
TNS   : 0.000

Type  : Slow 1100mV 85C Model Minimum Pulse Width 'CLOCK_50'
Slack : 8.870
TNS   : 0.000

Type  : Slow 1100mV 85C Model Minimum Pulse Width 'comb_224|VGA|mypll|altpll_component|auto_generated|generic_pll1~PLL_OUTPUT_COUNTER|divclk'
Slack : 18.780
TNS   : 0.000

Type  : Slow 1100mV 0C Model Setup 'bcounter_x[5]'
Slack : -16.063
TNS   : -406.720

Type  : Slow 1100mV 0C Model Setup 'KEY[0]'
Slack : -12.827
TNS   : -304.439

Type  : Slow 1100mV 0C Model Setup 'CLOCK_50'
Slack : -7.555
TNS   : -459.710

Type  : Slow 1100mV 0C Model Setup 'comb_224|VGA|mypll|altpll_component|auto_generated|generic_pll1~PLL_OUTPUT_COUNTER|divclk'
Slack : 34.171
TNS   : 0.000

Type  : Slow 1100mV 0C Model Hold 'KEY[0]'
Slack : -5.051
TNS   : -62.740

Type  : Slow 1100mV 0C Model Hold 'bcounter_x[5]'
Slack : -2.237
TNS   : -13.310

Type  : Slow 1100mV 0C Model Hold 'CLOCK_50'
Slack : -2.017
TNS   : -16.583

Type  : Slow 1100mV 0C Model Hold 'comb_224|VGA|mypll|altpll_component|auto_generated|generic_pll1~PLL_OUTPUT_COUNTER|divclk'
Slack : 0.334
TNS   : 0.000

Type  : Slow 1100mV 0C Model Recovery 'bcounter_x[5]'
Slack : -15.518
TNS   : -148.716

Type  : Slow 1100mV 0C Model Recovery 'KEY[0]'
Slack : -12.770
TNS   : -121.223

Type  : Slow 1100mV 0C Model Removal 'KEY[0]'
Slack : -1.066
TNS   : -8.561

Type  : Slow 1100mV 0C Model Removal 'bcounter_x[5]'
Slack : 1.439
TNS   : 0.000

Type  : Slow 1100mV 0C Model Minimum Pulse Width 'KEY[0]'
Slack : -1.115
TNS   : -35.447

Type  : Slow 1100mV 0C Model Minimum Pulse Width 'bcounter_x[5]'
Slack : -0.850
TNS   : -57.321

Type  : Slow 1100mV 0C Model Minimum Pulse Width 'comb_224|VGA|mypll|altpll_component|auto_generated|generic_pll1~FRACTIONAL_PLL|vcoph[0]'
Slack : 1.666
TNS   : 0.000

Type  : Slow 1100mV 0C Model Minimum Pulse Width 'CLOCK_50'
Slack : 8.823
TNS   : 0.000

Type  : Slow 1100mV 0C Model Minimum Pulse Width 'comb_224|VGA|mypll|altpll_component|auto_generated|generic_pll1~PLL_OUTPUT_COUNTER|divclk'
Slack : 18.759
TNS   : 0.000

Type  : Fast 1100mV 85C Model Setup 'bcounter_x[5]'
Slack : -10.552
TNS   : -259.875

Type  : Fast 1100mV 85C Model Setup 'KEY[0]'
Slack : -8.112
TNS   : -186.790

Type  : Fast 1100mV 85C Model Setup 'CLOCK_50'
Slack : -5.421
TNS   : -323.091

Type  : Fast 1100mV 85C Model Setup 'comb_224|VGA|mypll|altpll_component|auto_generated|generic_pll1~PLL_OUTPUT_COUNTER|divclk'
Slack : 36.419
TNS   : 0.000

Type  : Fast 1100mV 85C Model Hold 'KEY[0]'
Slack : -3.243
TNS   : -39.256

Type  : Fast 1100mV 85C Model Hold 'bcounter_x[5]'
Slack : -1.256
TNS   : -6.702

Type  : Fast 1100mV 85C Model Hold 'CLOCK_50'
Slack : -1.005
TNS   : -7.166

Type  : Fast 1100mV 85C Model Hold 'comb_224|VGA|mypll|altpll_component|auto_generated|generic_pll1~PLL_OUTPUT_COUNTER|divclk'
Slack : 0.211
TNS   : 0.000

Type  : Fast 1100mV 85C Model Recovery 'bcounter_x[5]'
Slack : -10.067
TNS   : -96.274

Type  : Fast 1100mV 85C Model Recovery 'KEY[0]'
Slack : -8.496
TNS   : -77.741

Type  : Fast 1100mV 85C Model Removal 'KEY[0]'
Slack : -0.544
TNS   : -3.648

Type  : Fast 1100mV 85C Model Removal 'bcounter_x[5]'
Slack : 1.180
TNS   : 0.000

Type  : Fast 1100mV 85C Model Minimum Pulse Width 'KEY[0]'
Slack : -0.648
TNS   : -19.899

Type  : Fast 1100mV 85C Model Minimum Pulse Width 'bcounter_x[5]'
Slack : -0.299
TNS   : -12.078

Type  : Fast 1100mV 85C Model Minimum Pulse Width 'comb_224|VGA|mypll|altpll_component|auto_generated|generic_pll1~FRACTIONAL_PLL|vcoph[0]'
Slack : 1.666
TNS   : 0.000

Type  : Fast 1100mV 85C Model Minimum Pulse Width 'CLOCK_50'
Slack : 8.815
TNS   : 0.000

Type  : Fast 1100mV 85C Model Minimum Pulse Width 'comb_224|VGA|mypll|altpll_component|auto_generated|generic_pll1~PLL_OUTPUT_COUNTER|divclk'
Slack : 18.891
TNS   : 0.000

Type  : Fast 1100mV 0C Model Setup 'bcounter_x[5]'
Slack : -9.522
TNS   : -236.254

Type  : Fast 1100mV 0C Model Setup 'KEY[0]'
Slack : -7.142
TNS   : -164.774

Type  : Fast 1100mV 0C Model Setup 'CLOCK_50'
Slack : -4.744
TNS   : -276.806

Type  : Fast 1100mV 0C Model Setup 'comb_224|VGA|mypll|altpll_component|auto_generated|generic_pll1~PLL_OUTPUT_COUNTER|divclk'
Slack : 36.754
TNS   : 0.000

Type  : Fast 1100mV 0C Model Hold 'KEY[0]'
Slack : -3.125
TNS   : -40.890

Type  : Fast 1100mV 0C Model Hold 'bcounter_x[5]'
Slack : -1.172
TNS   : -6.242

Type  : Fast 1100mV 0C Model Hold 'CLOCK_50'
Slack : -1.105
TNS   : -8.788

Type  : Fast 1100mV 0C Model Hold 'comb_224|VGA|mypll|altpll_component|auto_generated|generic_pll1~PLL_OUTPUT_COUNTER|divclk'
Slack : 0.193
TNS   : 0.000

Type  : Fast 1100mV 0C Model Recovery 'bcounter_x[5]'
Slack : -9.123
TNS   : -87.331

Type  : Fast 1100mV 0C Model Recovery 'KEY[0]'
Slack : -7.610
TNS   : -68.709

Type  : Fast 1100mV 0C Model Removal 'KEY[0]'
Slack : -0.743
TNS   : -6.074

Type  : Fast 1100mV 0C Model Removal 'bcounter_x[5]'
Slack : 0.992
TNS   : 0.000

Type  : Fast 1100mV 0C Model Minimum Pulse Width 'KEY[0]'
Slack : -0.610
TNS   : -18.523

Type  : Fast 1100mV 0C Model Minimum Pulse Width 'bcounter_x[5]'
Slack : -0.206
TNS   : -7.357

Type  : Fast 1100mV 0C Model Minimum Pulse Width 'comb_224|VGA|mypll|altpll_component|auto_generated|generic_pll1~FRACTIONAL_PLL|vcoph[0]'
Slack : 1.666
TNS   : 0.000

Type  : Fast 1100mV 0C Model Minimum Pulse Width 'CLOCK_50'
Slack : 8.805
TNS   : 0.000

Type  : Fast 1100mV 0C Model Minimum Pulse Width 'comb_224|VGA|mypll|altpll_component|auto_generated|generic_pll1~PLL_OUTPUT_COUNTER|divclk'
Slack : 18.889
TNS   : 0.000

------------------------------------------------------------
